2089 granules to scan (0 already done)
50/2089 scanned
100/2089 scanned
150/2089 scanned
200/2089 scanned
250/2089 scanned
300/2089 scanned
350/2089 scanned
400/2089 scanned
450/2089 scanned
500/2089 scanned
550/2089 scanned
600/2089 scanned
650/2089 scanned
700/2089 scanned
750/2089 scanned
800/2089 scanned
850/2089 scanned
900/2089 scanned
950/2089 scanned
Warning 1: HTTP error code: 503 - https://nisar.asf.earthdatacloud.nasa.gov/NISAR/NISAR_L2_GCOV_PROVISIONAL_V1/NISAR_L2_PR_GCOV_029_095_A_143_4005_SHSH_A_20260831T195150_20260831T195208_P05023_N_P_J_001/NISAR_L2_PR_GCOV_029_095_A_143_4005_SHSH_A_20260831T195150_20260831T195208_P05023_N_P_J_001.h5. Retrying again in 10.0 secs
1000/2089 scanned
1050/2089 scanned
1100/2089 scanned
1150/2089 scanned
1200/2089 scanned
1250/2089 scanned
1300/2089 scanned
1350/2089 scanned
Warning 1: HTTP error code: 503 - https://nisar.asf.earthdatacloud.nasa.gov/NISAR/NISAR_L2_GCOV_PROVISIONAL_V1/NISAR_L2_PR_GCOV_029_062_A_015_4005_DHDH_A_20260829T114324_20260829T114328_P05023_N_P_J_001/NISAR_L2_PR_GCOV_029_062_A_015_4005_DHDH_A_20260829T114324_20260829T114328_P05023_N_P_J_001.h5. Retrying again in 10.0 secs
1400/2089 scanned
Warning 1: HTTP error code: 503 - https://nisar.asf.earthdatacloud.nasa.gov/NISAR/NISAR_L2_GCOV_PROVISIONAL_V1/NISAR_L2_PR_GCOV_029_058_A_024_2005_DHDH_A_20260829T050828_20260829T050852_P05023_N_P_J_001/NISAR_L2_PR_GCOV_029_058_A_024_2005_DHDH_A_20260829T050828_20260829T050852_P05023_N_P_J_001.h5. Retrying again in 10.0 secs
1450/2089 scanned
Warning 1: HTTP error code: 503 - https://nisar.asf.earthdatacloud.nasa.gov/NISAR/NISAR_L2_GCOV_PROVISIONAL_V1/NISAR_L2_PR_GCOV_029_054_A_040_2005_DHDH_A_20260828T223828_20260828T223848_P05023_N_P_J_001/NISAR_L2_PR_GCOV_029_054_A_040_2005_DHDH_A_20260828T223828_20260828T223848_P05023_N_P_J_001.h5. Retrying again in 10.0 secs
Warning 1: HTTP error code: 503 - https://nisar.asf.earthdatacloud.nasa.gov/NISAR/NISAR_L2_GCOV_PROVISIONAL_V1/NISAR_L2_PR_GCOV_029_055_A_010_4005_DHDH_A_20260829T000106_20260829T000129_P05023_N_P_J_001/NISAR_L2_PR_GCOV_029_055_A_010_4005_DHDH_A_20260829T000106_20260829T000129_P05023_N_P_J_001.h5. Retrying again in 10.0 secs
Warning 1: HTTP error code: 503 - https://nisar.asf.earthdatacloud.nasa.gov/NISAR/NISAR_L2_GCOV_PROVISIONAL_V1/NISAR_L2_PR_GCOV_029_052_A_044_2005_DHDH_A_20260828T192036_20260828T192044_P05023_N_P_J_001/NISAR_L2_PR_GCOV_029_052_A_044_2005_DHDH_A_20260828T192036_20260828T192044_P05023_N_P_J_001.h5. Retrying again in 10.0 secs
Warning 1: HTTP error code: 503 - https://nisar.asf.earthdatacloud.nasa.gov/NISAR/NISAR_L2_GCOV_PROVISIONAL_V1/NISAR_L2_PR_GCOV_029_052_A_173_2005_DHDH_A_20260828T203416_20260828T203428_P05023_N_P_J_001/NISAR_L2_PR_GCOV_029_052_A_173_2005_DHDH_A_20260828T203416_20260828T203428_P05023_N_P_J_001.h5. Retrying again in 10.0 secs
1500/2089 scanned
Warning 1: HTTP error code: 503 - https://nisar.asf.earthdatacloud.nasa.gov/NISAR/NISAR_L2_GCOV_PROVISIONAL_V1/NISAR_L2_PR_GCOV_029_048_A_142_4005_SHSH_A_20260828T133641_20260828T133656_P05023_N_P_J_001/NISAR_L2_PR_GCOV_029_048_A_142_4005_SHSH_A_20260828T133641_20260828T133656_P05023_N_P_J_001.h5. Retrying again in 10.0 secs
1550/2089 scanned
Warning 1: HTTP error code: 503 - https://nisar.asf.earthdatacloud.nasa.gov/NISAR/NISAR_L2_GCOV_PROVISIONAL_V1/NISAR_L2_PR_GCOV_029_045_A_151_2005_DHDH_A_20260828T084218_20260828T084228_P05023_N_P_J_001/NISAR_L2_PR_GCOV_029_045_A_151_2005_DHDH_A_20260828T084218_20260828T084228_P05023_N_P_J_001.h5. Retrying again in 10.0 secs
1600/2089 scanned
Warning 1: HTTP error code: 503 - https://nisar.asf.earthdatacloud.nasa.gov/NISAR/NISAR_L2_GCOV_PROVISIONAL_V1/NISAR_L2_PR_GCOV_029_042_A_008_2005_DHDH_A_20260828T022144_20260828T022152_P05023_N_P_J_001/NISAR_L2_PR_GCOV_029_042_A_008_2005_DHDH_A_20260828T022144_20260828T022152_P05023_N_P_J_001.h5. Retrying again in 10.0 secs
Warning 1: HTTP error code: 503 - https://nisar.asf.earthdatacloud.nasa.gov/NISAR/NISAR_L2_GCOV_PROVISIONAL_V1/NISAR_L2_PR_GCOV_029_041_A_144_4005_SHSH_A_20260828T015841_20260828T015908_P05023_N_P_J_001/NISAR_L2_PR_GCOV_029_041_A_144_4005_SHSH_A_20260828T015841_20260828T015908_P05023_N_P_J_001.h5. Retrying again in 10.0 secs
1650/2089 scanned
1700/2089 scanned
Warning 1: HTTP error code: 503 - https://nisar.asf.earthdatacloud.nasa.gov/NISAR/NISAR_L2_GCOV_PROVISIONAL_V1/NISAR_L2_PR_GCOV_029_032_A_010_4005_DHDH_A_20260827T094348_20260827T094409_P05023_N_P_J_001/NISAR_L2_PR_GCOV_029_032_A_010_4005_DHDH_A_20260827T094348_20260827T094409_P05023_N_P_J_001.h5. Retrying again in 10.0 secs
1750/2089 scanned
Warning 1: HTTP error code: 503 - https://nisar.asf.earthdatacloud.nasa.gov/NISAR/NISAR_L2_GCOV_PROVISIONAL_V1/NISAR_L2_PR_GCOV_029_030_A_004_2005_DHDH_M_20260827T062052_20260827T062102_P05023_N_P_J_001/NISAR_L2_PR_GCOV_029_030_A_004_2005_DHDH_M_20260827T062052_20260827T062102_P05023_N_P_J_001.h5. Retrying again in 10.0 secs
1800/2089 scanned
1850/2089 scanned
Warning 1: HTTP error code: 503 - https://nisar.asf.earthdatacloud.nasa.gov/NISAR/NISAR_L2_GCOV_PROVISIONAL_V1/NISAR_L2_PR_GCOV_029_021_A_029_4005_DHDH_A_20260826T153548_20260826T153608_P05023_N_P_J_001/NISAR_L2_PR_GCOV_029_021_A_029_4005_DHDH_A_20260826T153548_20260826T153608_P05023_N_P_J_001.h5. Retrying again in 10.0 secs
Warning 1: HTTP error code: 503 - https://nisar.asf.earthdatacloud.nasa.gov/NISAR/NISAR_L2_GCOV_PROVISIONAL_V1/NISAR_L2_PR_GCOV_029_017_A_157_2005_DHDH_M_20260826T100916_20260826T100933_P05023_N_P_J_001/NISAR_L2_PR_GCOV_029_017_A_157_2005_DHDH_M_20260826T100916_20260826T100933_P05023_N_P_J_001.h5. Retrying again in 10.0 secs
1900/2089 scanned
1950/2089 scanned
Warning 1: HTTP error code: 503 - https://nisar.asf.earthdatacloud.nasa.gov/NISAR/NISAR_L2_GCOV_PROVISIONAL_V1/NISAR_L2_PR_GCOV_029_011_A_007_2005_DHDH_M_20260825T224432_20260825T224454_P05023_N_P_J_001/NISAR_L2_PR_GCOV_029_011_A_007_2005_DHDH_M_20260825T224432_20260825T224454_P05023_N_P_J_001.h5. Retrying again in 10.0 secs
2000/2089 scanned
2050/2089 scanned
2089/2089 scanned
done: 2089 granules; all-invalid 100, < 50% valid 307
