4191 granules to scan (0 already done)
50/4191 scanned
100/4191 scanned
150/4191 scanned
200/4191 scanned
250/4191 scanned
300/4191 scanned
350/4191 scanned
400/4191 scanned
450/4191 scanned
500/4191 scanned
550/4191 scanned
600/4191 scanned
650/4191 scanned
700/4191 scanned
750/4191 scanned
800/4191 scanned
850/4191 scanned
900/4191 scanned
950/4191 scanned
1000/4191 scanned
1050/4191 scanned
1100/4191 scanned
1150/4191 scanned
1200/4191 scanned
1250/4191 scanned
1300/4191 scanned
1350/4191 scanned
1400/4191 scanned
1450/4191 scanned
1500/4191 scanned
Warning 1: HTTP error code: 503 - https://nisar.asf.earthdatacloud.nasa.gov/NISAR/NISAR_L2_GCOV_PROVISIONAL_V1/NISAR_L2_PR_GCOV_030_112_D_084_4005_DHDH_A_20260913T233631_20260913T233657_P05023_N_P_J_001/NISAR_L2_PR_GCOV_030_112_D_084_4005_DHDH_A_20260913T233631_20260913T233657_P05023_N_P_J_001.h5. Retrying again in 10.0 secs
1550/4191 scanned
Warning 1: HTTP error code: 503 - https://nisar.asf.earthdatacloud.nasa.gov/NISAR/NISAR_L2_GCOV_PROVISIONAL_V1/NISAR_L2_PR_GCOV_030_109_A_044_2005_DHDH_A_20260913T181356_20260913T181420_P05023_N_P_J_001/NISAR_L2_PR_GCOV_030_109_A_044_2005_DHDH_A_20260913T181356_20260913T181420_P05023_N_P_J_001.h5. Retrying again in 10.0 secs
1600/4191 scanned
1650/4191 scanned
1700/4191 scanned
1750/4191 scanned
Warning 1: HTTP error code: 503 - https://nisar.asf.earthdatacloud.nasa.gov/NISAR/NISAR_L2_GCOV_PROVISIONAL_V1/NISAR_L2_PR_GCOV_030_101_A_009_4005_DHDH_A_20260913T043502_20260913T043508_P05023_N_P_J_001/NISAR_L2_PR_GCOV_030_101_A_009_4005_DHDH_A_20260913T043502_20260913T043508_P05023_N_P_J_001.h5. Retrying again in 10.0 secs
1800/4191 scanned
Warning 1: HTTP error code: 503 - https://nisar.asf.earthdatacloud.nasa.gov/NISAR/NISAR_L2_GCOV_PROVISIONAL_V1/NISAR_L2_PR_GCOV_030_098_D_052_7700_SHNA_A_20260912T235945_20260913T000021_P05023_N_P_J_001/NISAR_L2_PR_GCOV_030_098_D_052_7700_SHNA_A_20260912T235945_20260913T000021_P05023_N_P_J_001.h5. Retrying again in 10.0 secs
Warning 1: HTTP error code: 503 - https://nisar.asf.earthdatacloud.nasa.gov/NISAR/NISAR_L2_GCOV_PROVISIONAL_V1/NISAR_L2_PR_GCOV_030_098_A_010_2005_DVDV_A_20260912T233626_20260912T233631_P05023_N_P_J_001/NISAR_L2_PR_GCOV_030_098_A_010_2005_DVDV_A_20260912T233626_20260912T233631_P05023_N_P_J_001.h5. Retrying again in 10.0 secs
1850/4191 scanned
1900/4191 scanned
1950/4191 scanned
Warning 1: HTTP error code: 503 - https://nisar.asf.earthdatacloud.nasa.gov/NISAR/NISAR_L2_GCOV_PROVISIONAL_V1/NISAR_L2_PR_GCOV_030_092_A_034_4005_DHDH_A_20260912T135015_20260912T135036_P05023_N_P_J_001/NISAR_L2_PR_GCOV_030_092_A_034_4005_DHDH_A_20260912T135015_20260912T135036_P05023_N_P_J_001.h5. Retrying again in 10.0 secs
2000/4191 scanned
2050/4191 scanned
Warning 1: HTTP error code: 503 - https://nisar.asf.earthdatacloud.nasa.gov/NISAR/NISAR_L2_GCOV_PROVISIONAL_V1/NISAR_L2_PR_GCOV_030_089_A_032_4005_DHDH_A_20260912T084925_20260912T084936_P05023_N_P_J_001/NISAR_L2_PR_GCOV_030_089_A_032_4005_DHDH_A_20260912T084925_20260912T084936_P05023_N_P_J_001.h5. Retrying again in 10.0 secs
Warning 1: HTTP error code: 503 - https://nisar.asf.earthdatacloud.nasa.gov/NISAR/NISAR_L2_GCOV_PROVISIONAL_V1/NISAR_L2_PR_GCOV_030_087_D_123_4005_SHSH_A_20260912T062147_20260912T062157_P05023_N_P_J_001/NISAR_L2_PR_GCOV_030_087_D_123_4005_SHSH_A_20260912T062147_20260912T062157_P05023_N_P_J_001.h5. Retrying again in 10.0 secs
Warning 1: HTTP error code: 503 - https://nisar.asf.earthdatacloud.nasa.gov/NISAR/NISAR_L2_GCOV_PROVISIONAL_V1/NISAR_L2_PR_GCOV_030_087_D_098_2005_DHDH_A_20260912T060705_20260912T060712_P05023_N_P_J_001/NISAR_L2_PR_GCOV_030_087_D_098_2005_DHDH_A_20260912T060705_20260912T060712_P05023_N_P_J_001.h5. Retrying again in 10.0 secs
Warning 1: HTTP error code: 503 - https://nisar.asf.earthdatacloud.nasa.gov/NISAR/NISAR_L2_GCOV_PROVISIONAL_V1/NISAR_L2_PR_GCOV_030_087_D_133_4005_SHSH_A_20260912T062719_20260912T062743_P05023_N_P_J_001/NISAR_L2_PR_GCOV_030_087_D_133_4005_SHSH_A_20260912T062719_20260912T062743_P05023_N_P_J_001.h5. Retrying again in 10.0 secs
2100/4191 scanned
2150/4191 scanned
Warning 1: HTTP error code: 503 - https://nisar.asf.earthdatacloud.nasa.gov/NISAR/NISAR_L2_GCOV_PROVISIONAL_V1/NISAR_L2_PR_GCOV_030_086_A_017_4005_DHDH_A_20260912T034143_20260912T034149_P05023_N_P_J_001/NISAR_L2_PR_GCOV_030_086_A_017_4005_DHDH_A_20260912T034143_20260912T034149_P05023_N_P_J_001.h5. Retrying again in 10.0 secs
2200/4191 scanned
2250/4191 scanned
2300/4191 scanned
2350/4191 scanned
Warning 1: HTTP error code: 503 - https://nisar.asf.earthdatacloud.nasa.gov/NISAR/NISAR_L2_GCOV_PROVISIONAL_V1/NISAR_L2_PR_GCOV_030_078_A_037_4005_DHDH_A_20260911T143339_20260911T143350_P05023_N_P_J_001/NISAR_L2_PR_GCOV_030_078_A_037_4005_DHDH_A_20260911T143339_20260911T143350_P05023_N_P_J_001.h5. Retrying again in 10.0 secs
Warning 1: HTTP error code: 503 - https://nisar.asf.earthdatacloud.nasa.gov/NISAR/NISAR_L2_GCOV_PROVISIONAL_V1/NISAR_L2_PR_GCOV_030_077_D_060_2005_DHDH_A_20260911T130711_20260911T130729_P05023_N_P_J_001/NISAR_L2_PR_GCOV_030_077_D_060_2005_DHDH_A_20260911T130711_20260911T130729_P05023_N_P_J_001.h5. Retrying again in 10.0 secs
2400/4191 scanned
2450/4191 scanned
Warning 1: HTTP error code: 503 - https://nisar.asf.earthdatacloud.nasa.gov/NISAR/NISAR_L2_GCOV_PROVISIONAL_V1/NISAR_L2_PR_GCOV_030_072_A_012_2005_DHDH_A_20260911T042015_20260911T042036_P05023_N_P_J_001/NISAR_L2_PR_GCOV_030_072_A_012_2005_DHDH_A_20260911T042015_20260911T042036_P05023_N_P_J_001.h5. Retrying again in 10.0 secs
2500/4191 scanned
Warning 1: HTTP error code: 503 - https://nisar.asf.earthdatacloud.nasa.gov/NISAR/NISAR_L2_GCOV_PROVISIONAL_V1/NISAR_L2_PR_GCOV_030_069_A_143_4005_SHSH_A_20260911T003503_20260911T003527_P05023_N_P_J_001/NISAR_L2_PR_GCOV_030_069_A_143_4005_SHSH_A_20260911T003503_20260911T003527_P05023_N_P_J_001.h5. Retrying again in 10.0 secs
2550/4191 scanned
Warning 1: HTTP error code: 503 - https://nisar.asf.earthdatacloud.nasa.gov/NISAR/NISAR_L2_GCOV_PROVISIONAL_V1/NISAR_L2_PR_GCOV_030_069_A_018_4005_DHDH_A_20260910T232346_20260910T232412_P05023_N_P_J_001/NISAR_L2_PR_GCOV_030_069_A_018_4005_DHDH_A_20260910T232346_20260910T232412_P05023_N_P_J_001.h5. Retrying again in 10.0 secs
Warning 1: HTTP error code: 503 - https://nisar.asf.earthdatacloud.nasa.gov/NISAR/NISAR_L2_GCOV_PROVISIONAL_V1/NISAR_L2_PR_GCOV_030_068_A_013_2005_DHDH_A_20260910T214119_20260910T214139_P05023_N_P_J_001/NISAR_L2_PR_GCOV_030_068_A_013_2005_DHDH_A_20260910T214119_20260910T214139_P05023_N_P_J_001.h5. Retrying again in 10.0 secs
2600/4191 scanned
Warning 1: HTTP error code: 503 - https://nisar.asf.earthdatacloud.nasa.gov/NISAR/NISAR_L2_GCOV_PROVISIONAL_V1/NISAR_L2_PR_GCOV_030_067_A_030_2005_DHDH_A_20260910T201048_20260910T201108_P05023_N_P_J_001/NISAR_L2_PR_GCOV_030_067_A_030_2005_DHDH_A_20260910T201048_20260910T201108_P05023_N_P_J_001.h5. Retrying again in 10.0 secs
Warning 1: HTTP error code: 503 - https://nisar.asf.earthdatacloud.nasa.gov/NISAR/NISAR_L2_GCOV_PROVISIONAL_V1/NISAR_L2_PR_GCOV_030_068_D_116_4005_DHDH_A_20260910T223926_20260910T223948_P05023_N_P_J_001/NISAR_L2_PR_GCOV_030_068_D_116_4005_DHDH_A_20260910T223926_20260910T223948_P05023_N_P_J_001.h5. Retrying again in 10.0 secs
2650/4191 scanned
2700/4191 scanned
Warning 1: HTTP error code: 503 - https://nisar.asf.earthdatacloud.nasa.gov/NISAR/NISAR_L2_GCOV_PROVISIONAL_V1/NISAR_L2_PR_GCOV_030_063_D_122_4005_SHSH_A_20260910T142339_20260910T142408_P05023_N_P_J_001/NISAR_L2_PR_GCOV_030_063_D_122_4005_SHSH_A_20260910T142339_20260910T142408_P05023_N_P_J_001.h5. Retrying again in 10.0 secs
2750/4191 scanned
Warning 1: HTTP error code: 503 - https://nisar.asf.earthdatacloud.nasa.gov/NISAR/NISAR_L2_GCOV_PROVISIONAL_V1/NISAR_L2_PR_GCOV_030_060_A_041_4005_DHDH_A_20260910T083805_20260910T083828_P05023_N_P_J_001/NISAR_L2_PR_GCOV_030_060_A_041_4005_DHDH_A_20260910T083805_20260910T083828_P05023_N_P_J_001.h5. Retrying again in 10.0 secs
2800/4191 scanned
2850/4191 scanned
2900/4191 scanned
Warning 1: HTTP error code: 503 - https://nisar.asf.earthdatacloud.nasa.gov/NISAR/NISAR_L2_GCOV_PROVISIONAL_V1/NISAR_L2_PR_GCOV_030_055_D_066_4005_DHDH_A_20260910T003252_20260910T003300_P05023_N_P_J_001/NISAR_L2_PR_GCOV_030_055_D_066_4005_DHDH_A_20260910T003252_20260910T003300_P05023_N_P_J_001.h5. Retrying again in 10.0 secs
2950/4191 scanned
Warning 1: HTTP error code: 503 - https://nisar.asf.earthdatacloud.nasa.gov/NISAR/NISAR_L2_GCOV_PROVISIONAL_V1/NISAR_L2_PR_GCOV_030_053_D_106_2005_DHDH_A_20260909T213530_20260909T213548_P05023_N_P_J_001/NISAR_L2_PR_GCOV_030_053_D_106_2005_DHDH_A_20260909T213530_20260909T213548_P05023_N_P_J_001.h5. Retrying again in 10.0 secs
3000/4191 scanned
3050/4191 scanned
3100/4191 scanned
Warning 1: HTTP error code: 503 - https://nisar.asf.earthdatacloud.nasa.gov/NISAR/NISAR_L2_GCOV_PROVISIONAL_V1/NISAR_L2_PR_GCOV_030_046_A_030_4005_DHDH_A_20260909T091314_20260909T091336_P05023_N_P_J_001/NISAR_L2_PR_GCOV_030_046_A_030_4005_DHDH_A_20260909T091314_20260909T091336_P05023_N_P_J_001.h5. Retrying again in 10.0 secs
3150/4191 scanned
3200/4191 scanned
Warning 1: HTTP error code: 503 - https://nisar.asf.earthdatacloud.nasa.gov/NISAR/NISAR_L2_GCOV_PROVISIONAL_V1/NISAR_L2_PR_GCOV_030_043_A_016_4005_DHDH_A_20260909T040607_20260909T040614_P05023_N_P_J_001/NISAR_L2_PR_GCOV_030_043_A_016_4005_DHDH_A_20260909T040607_20260909T040614_P05023_N_P_J_001.h5. Retrying again in 10.0 secs
Warning 1: HTTP error code: 503 - https://nisar.asf.earthdatacloud.nasa.gov/NISAR/NISAR_L2_GCOV_PROVISIONAL_V1/NISAR_L2_PR_GCOV_030_043_D_050_4005_DHDH_A_20260909T042515_20260909T042531_P05023_N_P_J_001/NISAR_L2_PR_GCOV_030_043_D_050_4005_DHDH_A_20260909T042515_20260909T042531_P05023_N_P_J_001.h5. Retrying again in 10.0 secs
Warning 1: HTTP error code: 503 - https://nisar.asf.earthdatacloud.nasa.gov/NISAR/NISAR_L2_GCOV_PROVISIONAL_V1/NISAR_L2_PR_GCOV_030_042_D_060_4005_DHDH_A_20260909T025111_20260909T025132_P05023_N_P_J_001/NISAR_L2_PR_GCOV_030_042_D_060_4005_DHDH_A_20260909T025111_20260909T025132_P05023_N_P_J_001.h5. Retrying again in 10.0 secs
3250/4191 scanned
Warning 1: HTTP error code: 503 - https://nisar.asf.earthdatacloud.nasa.gov/NISAR/NISAR_L2_GCOV_PROVISIONAL_V1/NISAR_L2_PR_GCOV_030_041_D_066_2005_QPDH_A_20260909T011430_20260909T011440_P05023_N_P_J_001/NISAR_L2_PR_GCOV_030_041_D_066_2005_QPDH_A_20260909T011430_20260909T011440_P05023_N_P_J_001.h5. Retrying again in 10.0 secs
Warning 1: HTTP error code: 503 - https://nisar.asf.earthdatacloud.nasa.gov/NISAR/NISAR_L2_GCOV_PROVISIONAL_V1/NISAR_L2_PR_GCOV_030_040_D_076_2005_DHDH_A_20260908T234031_20260908T234049_P05023_N_P_J_001/NISAR_L2_PR_GCOV_030_040_D_076_2005_DHDH_A_20260908T234031_20260908T234049_P05023_N_P_J_001.h5. Retrying again in 10.0 secs
Warning 1: HTTP error code: 503 - https://nisar.asf.earthdatacloud.nasa.gov/NISAR/NISAR_L2_GCOV_PROVISIONAL_V1/NISAR_L2_PR_GCOV_030_040_D_055_7700_SHNA_A_20260908T232813_20260908T232850_P05023_N_P_J_001/NISAR_L2_PR_GCOV_030_040_D_055_7700_SHNA_A_20260908T232813_20260908T232850_P05023_N_P_J_001.h5. Retrying again in 10.0 secs
3300/4191 scanned
3350/4191 scanned
3400/4191 scanned
3450/4191 scanned
3500/4191 scanned
3550/4191 scanned
3600/4191 scanned
Warning 1: HTTP error code: 503 - https://nisar.asf.earthdatacloud.nasa.gov/NISAR/NISAR_L2_GCOV_PROVISIONAL_V1/NISAR_L2_PR_GCOV_030_025_D_086_4005_SHSH_A_20260907T224733_20260907T224740_P05023_N_P_J_001/NISAR_L2_PR_GCOV_030_025_D_086_4005_SHSH_A_20260907T224733_20260907T224740_P05023_N_P_J_001.h5. Retrying again in 10.0 secs
3650/4191 scanned
3700/4191 scanned
3750/4191 scanned
3800/4191 scanned
3850/4191 scanned
3900/4191 scanned
3950/4191 scanned
Warning 1: HTTP error code: 503 - https://nisar.asf.earthdatacloud.nasa.gov/NISAR/NISAR_L2_GCOV_PROVISIONAL_V1/NISAR_L2_PR_GCOV_030_010_D_056_4005_DHDH_A_20260906T213217_20260906T213236_P05023_N_P_J_001/NISAR_L2_PR_GCOV_030_010_D_056_4005_DHDH_A_20260906T213217_20260906T213236_P05023_N_P_J_001.h5. Retrying again in 10.0 secs
Warning 1: HTTP error code: 503 - https://nisar.asf.earthdatacloud.nasa.gov/NISAR/NISAR_L2_GCOV_PROVISIONAL_V1/NISAR_L2_PR_GCOV_030_009_D_126_4005_SHSH_A_20260906T203227_20260906T203245_P05023_N_P_J_001/NISAR_L2_PR_GCOV_030_009_D_126_4005_SHSH_A_20260906T203227_20260906T203245_P05023_N_P_J_001.h5. Retrying again in 10.0 secs
4000/4191 scanned
Warning 1: HTTP error code: 503 - https://nisar.asf.earthdatacloud.nasa.gov/NISAR/NISAR_L2_GCOV_PROVISIONAL_V1/NISAR_L2_PR_GCOV_030_007_D_081_2005_DHDH_A_20260906T164655_20260906T164716_P05023_N_P_J_001/NISAR_L2_PR_GCOV_030_007_D_081_2005_DHDH_A_20260906T164655_20260906T164716_P05023_N_P_J_001.h5. Retrying again in 10.0 secs
Warning 1: HTTP error code: 503 - https://nisar.asf.earthdatacloud.nasa.gov/NISAR/NISAR_L2_GCOV_PROVISIONAL_V1/NISAR_L2_PR_GCOV_030_007_D_078_2005_DHDH_A_20260906T164519_20260906T164545_P05023_N_P_J_001/NISAR_L2_PR_GCOV_030_007_D_078_2005_DHDH_A_20260906T164519_20260906T164545_P05023_N_P_J_001.h5. Retrying again in 10.0 secs
Warning 1: HTTP error code: 503 - https://nisar.asf.earthdatacloud.nasa.gov/NISAR/NISAR_L2_GCOV_PROVISIONAL_V1/NISAR_L2_PR_GCOV_030_009_D_126_4005_SHSH_A_20260906T203227_20260906T203245_P05023_N_P_J_001/NISAR_L2_PR_GCOV_030_009_D_126_4005_SHSH_A_20260906T203227_20260906T203245_P05023_N_P_J_001.h5. Retrying again in 10.0 secs
4050/4191 scanned
Warning 1: HTTP error code: 503 - https://nisar.asf.earthdatacloud.nasa.gov/NISAR/NISAR_L2_GCOV_PROVISIONAL_V1/NISAR_L2_PR_GCOV_030_004_D_122_4005_SHSH_A_20260906T121039_20260906T121057_P05023_N_P_J_002/NISAR_L2_PR_GCOV_030_004_D_122_4005_SHSH_A_20260906T121039_20260906T121057_P05023_N_P_J_002.h5. Retrying again in 10.0 secs
Warning 1: HTTP error code: 503 - https://nisar.asf.earthdatacloud.nasa.gov/NISAR/NISAR_L2_GCOV_PROVISIONAL_V1/NISAR_L2_PR_GCOV_030_004_D_051_0005_NASV_A_20260906T113001_20260906T113024_P05023_N_P_J_001/NISAR_L2_PR_GCOV_030_004_D_051_0005_NASV_A_20260906T113001_20260906T113024_P05023_N_P_J_001.h5. Retrying again in 10.0 secs
Warning 1: HTTP error code: 503 - https://nisar.asf.earthdatacloud.nasa.gov/NISAR/NISAR_L2_GCOV_PROVISIONAL_V1/NISAR_L2_PR_GCOV_030_005_A_030_4005_DHDH_A_20260906T125758_20260906T125820_P05023_N_P_J_001/NISAR_L2_PR_GCOV_030_005_A_030_4005_DHDH_A_20260906T125758_20260906T125820_P05023_N_P_J_001.h5. Retrying again in 10.0 secs
4100/4191 scanned
Warning 1: HTTP error code: 503 - https://nisar.asf.earthdatacloud.nasa.gov/NISAR/NISAR_L2_GCOV_PROVISIONAL_V1/NISAR_L2_PR_GCOV_030_004_A_002_4005_DHDH_A_20260906T110221_20260906T110228_P05023_N_P_J_002/NISAR_L2_PR_GCOV_030_004_A_002_4005_DHDH_A_20260906T110221_20260906T110228_P05023_N_P_J_002.h5. Retrying again in 10.0 secs
4150/4191 scanned
4191/4191 scanned
done: 4191 granules; all-invalid 200, < 50% valid 644
