6038 granules to scan (2089 already done)
Warning 1: HTTP error code: 503 - https://nisar.asf.earthdatacloud.nasa.gov/NISAR/NISAR_L2_GCOV_PROVISIONAL_V1/NISAR_L2_PR_GCOV_029_172_A_169_2005_DHDH_A_20260906T041747_20260906T041822_P05023_N_F_J_001/NISAR_L2_PR_GCOV_029_172_A_169_2005_DHDH_A_20260906T041747_20260906T041822_P05023_N_F_J_001.h5. Retrying again in 10.0 secs
50/6038 scanned
Warning 1: HTTP error code: 503 - https://nisar.asf.earthdatacloud.nasa.gov/NISAR/NISAR_L2_GCOV_PROVISIONAL_V1/NISAR_L2_PR_GCOV_029_171_A_138_4005_SHSH_A_20260906T022006_20260906T022041_P05023_N_F_J_001/NISAR_L2_PR_GCOV_029_171_A_138_4005_SHSH_A_20260906T022006_20260906T022041_P05023_N_F_J_001.h5. Retrying again in 10.0 secs
100/6038 scanned
150/6038 scanned
200/6038 scanned
250/6038 scanned
300/6038 scanned
350/6038 scanned
Warning 1: HTTP error code: 503 - https://nisar.asf.earthdatacloud.nasa.gov/NISAR/NISAR_L2_GCOV_PROVISIONAL_V1/NISAR_L2_PR_GCOV_029_162_A_025_4005_DHDH_A_20260905T101658_20260905T101733_P05023_N_F_J_002/NISAR_L2_PR_GCOV_029_162_A_025_4005_DHDH_A_20260905T101658_20260905T101733_P05023_N_F_J_002.h5. Retrying again in 10.0 secs
400/6038 scanned
450/6038 scanned
500/6038 scanned
550/6038 scanned
Warning 1: HTTP error code: 503 - https://nisar.asf.earthdatacloud.nasa.gov/NISAR/NISAR_L2_GCOV_PROVISIONAL_V1/NISAR_L2_PR_GCOV_029_157_A_141_4005_SHSH_A_20260905T030329_20260905T030406_P05023_N_F_J_002/NISAR_L2_PR_GCOV_029_157_A_141_4005_SHSH_A_20260905T030329_20260905T030406_P05023_N_F_J_002.h5. Retrying again in 10.0 secs
600/6038 scanned
650/6038 scanned
700/6038 scanned
750/6038 scanned
800/6038 scanned
HDF5-DIAG: Error detected in HDF5 (1.14.3) thread 1:
  #000: H5D.c line 1061 in H5Dread(): can't synchronously read data
    major: Dataset
    minor: Read failed
  #001: H5D.c line 1008 in H5D__read_api_common(): can't read data
    major: Dataset
    minor: Read failed
  #002: H5VLcallback.c line 2092 in H5VL_dataset_read_direct(): dataset read failed
    major: Virtual Object Layer
    minor: Read failed
  #003: H5VLcallback.c line 2048 in H5VL__dataset_read(): dataset read failed
    major: Virtual Object Layer
    minor: Read failed
  #004: H5VLnative_dataset.c line 373 in H5VL__native_dataset_read(): can't read data
    major: Dataset
    minor: Read failed
  #005: H5Dio.c line 401 in H5D__read(): can't read data
    major: Dataset
    minor: Read failed
  #006: H5Dchunk.c line 2919 in H5D__chunk_read(): unable to read raw data chunk
    major: Low-level I/O
    minor: Read failed
  #007: H5Dchunk.c line 4534 in H5D__chunk_lock(): unable to read raw data chunk
    major: Low-level I/O
    minor: Read failed
  #008: H5Fio.c line 99 in H5F_shared_block_read(): read through page buffer failed
    major: Low-level I/O
    minor: Read failed
  #009: H5PB.c line 694 in H5PB_read(): read through metadata accumulator failed
    major: Page Buffering
    minor: Read failed
  #010: H5Faccum.c line 247 in H5F__accum_read(): driver read request failed
    major: Low-level I/O
    minor: Read failed
  #011: H5FDint.c line 259 in H5FD_read(): driver read request failed
    major: Virtual File Layer
    minor: Read failed
Warning 1: HTTP error code: 503 - https://nisar.asf.earthdatacloud.nasa.gov/NISAR/NISAR_L2_GCOV_PROVISIONAL_V1/NISAR_L2_PR_GCOV_029_146_A_166_4005_DHDH_A_20260904T085907_20260904T085941_P05023_N_F_J_001/NISAR_L2_PR_GCOV_029_146_A_166_4005_DHDH_A_20260904T085907_20260904T085941_P05023_N_F_J_001.h5. Retrying again in 10.0 secs
Warning 1: HTTP error code: 503 - https://nisar.asf.earthdatacloud.nasa.gov/NISAR/NISAR_L2_GCOV_PROVISIONAL_V1/NISAR_L2_PR_GCOV_029_133_A_026_4005_DHDH_A_20260903T100053_20260903T100128_P05023_N_F_J_001/NISAR_L2_PR_GCOV_029_133_A_026_4005_DHDH_A_20260903T100053_20260903T100128_P05023_N_F_J_001.h5. Retrying again in 10.0 secs
Warning 1: HTTP error code: 500 - https://nisar.asf.earthdatacloud.nasa.gov/NISAR/NISAR_L2_GCOV_PROVISIONAL_V1/NISAR_L2_PR_GCOV_029_125_A_137_4005_SHSH_A_20260902T214455_20260902T214526_P05023_N_F_J_001/NISAR_L2_PR_GCOV_029_125_A_137_4005_SHSH_A_20260902T214455_20260902T214526_P05023_N_F_J_001.h5. Retrying again in 10.0 secs
HDF5-DIAG: Error detected in HDF5 (1.14.3) thread 1:
  #000: H5D.c line 1061 in H5Dread(): can't synchronously read data
    major: Dataset
    minor: Read failed
  #001: H5D.c line 1008 in H5D__read_api_common(): can't read data
    major: Dataset
    minor: Read failed
  #002: H5VLcallback.c line 2092 in H5VL_dataset_read_direct(): dataset read failed
    major: Virtual Object Layer
    minor: Read failed
  #003: H5VLcallback.c line 2048 in H5VL__dataset_read(): dataset read failed
    major: Virtual Object Layer
    minor: Read failed
  #004: H5VLnative_dataset.c line 373 in H5VL__native_dataset_read(): can't read data
    major: Dataset
    minor: Read failed
  #005: H5Dio.c line 401 in H5D__read(): can't read data
    major: Dataset
    minor: Read failed
  #006: H5Dchunk.c line 2919 in H5D__chunk_read(): unable to read raw data chunk
    major: Low-level I/O
    minor: Read failed
  #007: H5Dchunk.c line 4534 in H5D__chunk_lock(): unable to read raw data chunk
    major: Low-level I/O
    minor: Read failed
  #008: H5Fio.c line 99 in H5F_shared_block_read(): read through page buffer failed
    major: Low-level I/O
    minor: Read failed
  #009: H5PB.c line 694 in H5PB_read(): read through metadata accumulator failed
    major: Page Buffering
    minor: Read failed
  #010: H5Faccum.c line 247 in H5F__accum_read(): driver read request failed
    major: Low-level I/O
    minor: Read failed
  #011: H5FDint.c line 259 in H5FD_read(): driver read request failed
    major: Virtual File Layer
    minor: Read failed
Warning 1: HTTP error code: 503 - https://nisar.asf.earthdatacloud.nasa.gov/NISAR/NISAR_L2_GCOV_PROVISIONAL_V1/NISAR_L2_PR_GCOV_029_105_A_019_4005_DHDH_A_20260901T112010_20260901T112045_P05023_N_F_J_001/NISAR_L2_PR_GCOV_029_105_A_019_4005_DHDH_A_20260901T112010_20260901T112045_P05023_N_F_J_001.h5. Retrying again in 10.0 secs
Warning 1: HTTP error code: 503 - https://nisar.asf.earthdatacloud.nasa.gov/NISAR/NISAR_L2_GCOV_PROVISIONAL_V1/NISAR_L2_PR_GCOV_029_091_A_031_4005_DHDH_A_20260831T120836_20260831T120912_P05023_N_F_J_001/NISAR_L2_PR_GCOV_029_091_A_031_4005_DHDH_A_20260831T120836_20260831T120912_P05023_N_F_J_001.h5. Retrying again in 10.0 secs
Warning 1: HTTP error code: 503 - https://nisar.asf.earthdatacloud.nasa.gov/NISAR/NISAR_L2_GCOV_PROVISIONAL_V1/NISAR_L2_PR_GCOV_029_091_A_017_4005_DHDH_A_20260831T120040_20260831T120115_P05023_N_F_J_001/NISAR_L2_PR_GCOV_029_091_A_017_4005_DHDH_A_20260831T120040_20260831T120115_P05023_N_F_J_001.h5. Retrying again in 10.0 secs
Warning 1: HTTP error code: 503 - https://nisar.asf.earthdatacloud.nasa.gov/NISAR/NISAR_L2_GCOV_PROVISIONAL_V1/NISAR_L2_PR_GCOV_029_085_A_143_4005_SHSH_A_20260831T031259_20260831T031337_P05023_N_F_J_001/NISAR_L2_PR_GCOV_029_085_A_143_4005_SHSH_A_20260831T031259_20260831T031337_P05023_N_F_J_001.h5. Retrying again in 10.0 secs
Warning 1: HTTP error code: 503 - https://nisar.asf.earthdatacloud.nasa.gov/NISAR/NISAR_L2_GCOV_PROVISIONAL_V1/NISAR_L2_PR_GCOV_029_071_A_031_2005_DHDH_A_20260830T025055_20260830T025131_P05023_N_F_J_001/NISAR_L2_PR_GCOV_029_071_A_031_2005_DHDH_A_20260830T025055_20260830T025131_P05023_N_F_J_001.h5. Retrying again in 10.0 secs
Warning 1: HTTP error code: 503 - https://nisar.asf.earthdatacloud.nasa.gov/NISAR/NISAR_L2_GCOV_PROVISIONAL_V1/NISAR_L2_PR_GCOV_029_070_A_020_2005_DHDH_M_20260830T010447_20260830T010522_P05023_N_F_J_001/NISAR_L2_PR_GCOV_029_070_A_020_2005_DHDH_M_20260830T010447_20260830T010522_P05023_N_F_J_001.h5. Retrying again in 10.0 secs
Warning 1: HTTP error code: 503 - https://nisar.asf.earthdatacloud.nasa.gov/NISAR/NISAR_L2_GCOV_PROVISIONAL_V1/NISAR_L2_PR_GCOV_029_063_A_138_4005_SHSH_A_20260829T143235_20260829T143310_P05023_N_F_J_001/NISAR_L2_PR_GCOV_029_063_A_138_4005_SHSH_A_20260829T143235_20260829T143310_P05023_N_F_J_001.h5. Retrying again in 10.0 secs
Warning 1: HTTP error code: 503 - https://nisar.asf.earthdatacloud.nasa.gov/NISAR/NISAR_L2_GCOV_PROVISIONAL_V1/NISAR_L2_PR_GCOV_029_061_A_037_4005_DHDH_A_20260829T101544_20260829T101614_P05023_N_F_J_001/NISAR_L2_PR_GCOV_029_061_A_037_4005_DHDH_A_20260829T101544_20260829T101614_P05023_N_F_J_001.h5. Retrying again in 10.0 secs
Warning 1: HTTP error code: 503 - https://nisar.asf.earthdatacloud.nasa.gov/NISAR/NISAR_L2_GCOV_PROVISIONAL_V1/NISAR_L2_PR_GCOV_029_051_A_038_2005_DHDH_A_20260828T173722_20260828T173758_P05023_N_F_J_001/NISAR_L2_PR_GCOV_029_051_A_038_2005_DHDH_A_20260828T173722_20260828T173758_P05023_N_F_J_001.h5. Retrying again in 10.0 secs
Warning 1: HTTP error code: 503 - https://nisar.asf.earthdatacloud.nasa.gov/NISAR/NISAR_L2_GCOV_PROVISIONAL_V1/NISAR_L2_PR_GCOV_029_042_A_013_2005_DHDH_A_20260828T022406_20260828T022440_P05023_N_F_J_001/NISAR_L2_PR_GCOV_029_042_A_013_2005_DHDH_A_20260828T022406_20260828T022440_P05023_N_F_J_001.h5. Retrying again in 10.0 secs
Warning 1: HTTP error code: 503 - https://nisar.asf.earthdatacloud.nasa.gov/NISAR/NISAR_L2_GCOV_PROVISIONAL_V1/NISAR_L2_PR_GCOV_029_033_A_010_4005_DHDH_A_20260827T112327_20260827T112402_P05023_N_F_J_001/NISAR_L2_PR_GCOV_029_033_A_010_4005_DHDH_A_20260827T112327_20260827T112402_P05023_N_F_J_001.h5. Retrying again in 10.0 secs
Warning 1: HTTP error code: 503 - https://nisar.asf.earthdatacloud.nasa.gov/NISAR/NISAR_L2_GCOV_PROVISIONAL_V1/NISAR_L2_PR_GCOV_029_026_A_033_2005_DHDH_A_20260826T235717_20260826T235754_P05023_N_F_J_001/NISAR_L2_PR_GCOV_029_026_A_033_2005_DHDH_A_20260826T235717_20260826T235754_P05023_N_F_J_001.h5. Retrying again in 10.0 secs
Warning 1: HTTP error code: 503 - https://nisar.asf.earthdatacloud.nasa.gov/NISAR/NISAR_L2_GCOV_PROVISIONAL_V1/NISAR_L2_PR_GCOV_029_025_A_028_2005_DHDH_A_20260826T221431_20260826T221506_P05023_N_F_J_001/NISAR_L2_PR_GCOV_029_025_A_028_2005_DHDH_A_20260826T221431_20260826T221506_P05023_N_F_J_001.h5. Retrying again in 10.0 secs
Warning 1: HTTP error code: 503 - https://nisar.asf.earthdatacloud.nasa.gov/NISAR/NISAR_L2_GCOV_PROVISIONAL_V1/NISAR_L2_PR_GCOV_029_025_A_036_2005_DHDH_A_20260826T221911_20260826T221947_P05023_N_F_J_001/NISAR_L2_PR_GCOV_029_025_A_036_2005_DHDH_A_20260826T221911_20260826T221947_P05023_N_F_J_001.h5. Retrying again in 10.0 secs
