3807 granules to scan (1357 already done)
Warning 1: HTTP error code: 503 - https://nisar.asf.earthdatacloud.nasa.gov/NISAR/NISAR_L2_GCOV_PROVISIONAL_V1/NISAR_L2_PR_GCOV_031_111_A_006_4005_DHDH_A_20260925T211212_20260925T211247_P05023_N_F_J_001/NISAR_L2_PR_GCOV_031_111_A_006_4005_DHDH_A_20260925T211212_20260925T211247_P05023_N_F_J_001.h5. Retrying again in 10.0 secs
Warning 1: HTTP error code: 503 - https://nisar.asf.earthdatacloud.nasa.gov/NISAR/NISAR_L2_GCOV_PROVISIONAL_V1/NISAR_L2_PR_GCOV_031_111_A_007_4005_DHDH_A_20260925T211246_20260925T211320_P05023_N_F_J_001/NISAR_L2_PR_GCOV_031_111_A_007_4005_DHDH_A_20260925T211246_20260925T211320_P05023_N_F_J_001.h5. Retrying again in 10.0 secs
50/3807 scanned
100/3807 scanned
150/3807 scanned
200/3807 scanned
250/3807 scanned
300/3807 scanned
350/3807 scanned
Warning 1: HTTP error code: 503 - https://nisar.asf.earthdatacloud.nasa.gov/NISAR/NISAR_L2_GCOV_PROVISIONAL_V1/NISAR_L2_PR_GCOV_031_100_A_139_4005_SHSH_A_20260925T040852_20260925T040930_P05023_N_F_J_001/NISAR_L2_PR_GCOV_031_100_A_139_4005_SHSH_A_20260925T040852_20260925T040930_P05023_N_F_J_001.h5. Retrying again in 10.0 secs
400/3807 scanned
450/3807 scanned
Warning 1: HTTP error code: 503 - https://nisar.asf.earthdatacloud.nasa.gov/NISAR/NISAR_L2_GCOV_PROVISIONAL_V1/NISAR_L2_PR_GCOV_031_096_A_143_4005_SHSH_A_20260924T213143_20260924T213220_P05023_N_F_J_001/NISAR_L2_PR_GCOV_031_096_A_143_4005_SHSH_A_20260924T213143_20260924T213220_P05023_N_F_J_001.h5. Retrying again in 10.0 secs
500/3807 scanned
550/3807 scanned
Warning 1: HTTP error code: 503 - https://nisar.asf.earthdatacloud.nasa.gov/NISAR/NISAR_L2_GCOV_PROVISIONAL_V1/NISAR_L2_PR_GCOV_031_090_A_139_4005_SHSH_A_20260924T113002_20260924T113039_P05023_N_F_J_001/NISAR_L2_PR_GCOV_031_090_A_139_4005_SHSH_A_20260924T113002_20260924T113039_P05023_N_F_J_001.h5. Retrying again in 10.0 secs
600/3807 scanned
650/3807 scanned
700/3807 scanned
750/3807 scanned
  NISAR_L2_PR_GCOV_031_085_A_014_4005_DHDH_A_20260924T015941_20260924T020015_P05023_N_F_J_001: ERROR HTTP response code: 403 - Failure writing output to destination, passed 919 returned 0
800/3807 scanned
850/3807 scanned
900/3807 scanned
950/3807 scanned
1000/3807 scanned
1050/3807 scanned
1100/3807 scanned
1150/3807 scanned
1200/3807 scanned
1250/3807 scanned
Warning 1: HTTP error code: 503 - https://nisar.asf.earthdatacloud.nasa.gov/NISAR/NISAR_L2_GCOV_PROVISIONAL_V1/NISAR_L2_PR_GCOV_031_071_A_166_2005_SHSH_A_20260923T040747_20260923T040822_P05023_N_F_J_001/NISAR_L2_PR_GCOV_031_071_A_166_2005_SHSH_A_20260923T040747_20260923T040822_P05023_N_F_J_001.h5. Retrying again in 10.0 secs
1300/3807 scanned
1350/3807 scanned
1400/3807 scanned
1450/3807 scanned
Warning 1: HTTP error code: 503 - https://nisar.asf.earthdatacloud.nasa.gov/NISAR/NISAR_L2_GCOV_PROVISIONAL_V1/NISAR_L2_PR_GCOV_031_064_A_138_4005_SHSH_A_20260922T161228_20260922T161303_P05023_N_F_J_001/NISAR_L2_PR_GCOV_031_064_A_138_4005_SHSH_A_20260922T161228_20260922T161303_P05023_N_F_J_001.h5. Retrying again in 10.0 secs
1500/3807 scanned
1550/3807 scanned
1600/3807 scanned
  NISAR_L2_PR_GCOV_031_060_A_160_4005_DHDH_A_20260922T094541_20260922T094619_P05023_N_F_J_001: ERROR CURL error: Could not resolve host: nisar.asf.earthdatacloud.nasa.gov
1650/3807 scanned
1700/3807 scanned
1750/3807 scanned
1800/3807 scanned
1850/3807 scanned
1900/3807 scanned
1950/3807 scanned
2000/3807 scanned
2050/3807 scanned
2100/3807 scanned
2150/3807 scanned
2200/3807 scanned
2250/3807 scanned
2300/3807 scanned
2350/3807 scanned
2400/3807 scanned
2450/3807 scanned
Warning 1: HTTP error code: 503 - https://nisar.asf.earthdatacloud.nasa.gov/NISAR/NISAR_L2_GCOV_PROVISIONAL_V1/NISAR_L2_PR_GCOV_031_039_A_029_2005_DHDH_A_20260920T213328_20260920T213403_P05023_N_F_J_001/NISAR_L2_PR_GCOV_031_039_A_029_2005_DHDH_A_20260920T213328_20260920T213403_P05023_N_F_J_001.h5. Retrying again in 10.0 secs
2500/3807 scanned
2550/3807 scanned
2600/3807 scanned
2650/3807 scanned
2700/3807 scanned
2750/3807 scanned
2800/3807 scanned
Warning 1: HTTP error code: 503 - https://nisar.asf.earthdatacloud.nasa.gov/NISAR/NISAR_L2_GCOV_PROVISIONAL_V1/NISAR_L2_PR_GCOV_031_028_A_010_2005_DHDH_A_20260920T030402_20260920T030436_P05023_F_F_J_001/NISAR_L2_PR_GCOV_031_028_A_010_2005_DHDH_A_20260920T030402_20260920T030436_P05023_F_F_J_001.h5. Retrying again in 10.0 secs
2850/3807 scanned
2900/3807 scanned
Warning 1: HTTP error code: 503 - https://nisar.asf.earthdatacloud.nasa.gov/NISAR/NISAR_L2_GCOV_PROVISIONAL_V1/NISAR_L2_PR_GCOV_031_025_A_019_2005_DHDH_A_20260919T220925_20260919T221000_P05023_F_F_J_001/NISAR_L2_PR_GCOV_031_025_A_019_2005_DHDH_A_20260919T220925_20260919T221000_P05023_F_F_J_001.h5. Retrying again in 10.0 secs
2950/3807 scanned
Warning 1: HTTP error code: 503 - https://nisar.asf.earthdatacloud.nasa.gov/NISAR/NISAR_L2_GCOV_PROVISIONAL_V1/NISAR_L2_PR_GCOV_031_024_A_035_2005_DHDH_A_20260919T203842_20260919T203919_P05023_F_F_J_001/NISAR_L2_PR_GCOV_031_024_A_035_2005_DHDH_A_20260919T203842_20260919T203919_P05023_F_F_J_001.h5. Retrying again in 10.0 secs
Warning 1: HTTP error code: 503 - https://nisar.asf.earthdatacloud.nasa.gov/NISAR/NISAR_L2_GCOV_PROVISIONAL_V1/NISAR_L2_PR_GCOV_031_024_A_174_4005_DHDH_A_20260919T215741_20260919T215816_P05023_F_F_J_001/NISAR_L2_PR_GCOV_031_024_A_174_4005_DHDH_A_20260919T215741_20260919T215816_P05023_F_F_J_001.h5. Retrying again in 10.0 secs
Warning 1: HTTP error code: 503 - https://nisar.asf.earthdatacloud.nasa.gov/NISAR/NISAR_L2_GCOV_PROVISIONAL_V1/NISAR_L2_PR_GCOV_031_024_A_161_2005_DHDH_A_20260919T215024_20260919T215059_P05023_F_F_J_001/NISAR_L2_PR_GCOV_031_024_A_161_2005_DHDH_A_20260919T215024_20260919T215059_P05023_F_F_J_001.h5. Retrying again in 10.0 secs
3000/3807 scanned
Warning 1: HTTP error code: 503 - https://nisar.asf.earthdatacloud.nasa.gov/NISAR/NISAR_L2_GCOV_PROVISIONAL_V1/NISAR_L2_PR_GCOV_031_024_A_022_2005_DHDH_A_20260919T203113_20260919T203148_P05023_F_F_J_001/NISAR_L2_PR_GCOV_031_024_A_022_2005_DHDH_A_20260919T203113_20260919T203148_P05023_F_F_J_001.h5. Retrying again in 10.0 secs
3050/3807 scanned
Warning 1: HTTP error code: 503 - https://nisar.asf.earthdatacloud.nasa.gov/NISAR/NISAR_L2_GCOV_PROVISIONAL_V1/NISAR_L2_PR_GCOV_031_022_A_034_2005_DHDH_A_20260919T171820_20260919T171857_P05023_F_F_J_001/NISAR_L2_PR_GCOV_031_022_A_034_2005_DHDH_A_20260919T171820_20260919T171857_P05023_F_F_J_001.h5. Retrying again in 10.0 secs
3100/3807 scanned
3150/3807 scanned
3200/3807 scanned
3250/3807 scanned
Warning 1: HTTP error code: 503 - https://nisar.asf.earthdatacloud.nasa.gov/NISAR/NISAR_L2_GCOV_PROVISIONAL_V1/NISAR_L2_PR_GCOV_031_015_A_023_2005_DHDH_A_20260919T053250_20260919T053325_P05023_F_F_J_001/NISAR_L2_PR_GCOV_031_015_A_023_2005_DHDH_A_20260919T053250_20260919T053325_P05023_F_F_J_001.h5. Retrying again in 10.0 secs
3300/3807 scanned
3350/3807 scanned
Warning 1: HTTP error code: 503 - https://nisar.asf.earthdatacloud.nasa.gov/NISAR/NISAR_L2_GCOV_PROVISIONAL_V1/NISAR_L2_PR_GCOV_031_013_A_035_2005_DHDH_A_20260919T021958_20260919T022036_P05023_F_F_J_001/NISAR_L2_PR_GCOV_031_013_A_035_2005_DHDH_A_20260919T021958_20260919T022036_P05023_F_F_J_001.h5. Retrying again in 10.0 secs
3400/3807 scanned
3450/3807 scanned
3500/3807 scanned
3550/3807 scanned
3600/3807 scanned
Warning 1: HTTP error code: 503 - https://nisar.asf.earthdatacloud.nasa.gov/NISAR/NISAR_L2_GCOV_PROVISIONAL_V1/NISAR_L2_PR_GCOV_031_005_A_016_4005_DHDH_A_20260918T125003_20260918T125037_P05023_F_F_J_001/NISAR_L2_PR_GCOV_031_005_A_016_4005_DHDH_A_20260918T125003_20260918T125037_P05023_F_F_J_001.h5. Retrying again in 10.0 secs
3650/3807 scanned
Warning 1: HTTP error code: 503 - https://nisar.asf.earthdatacloud.nasa.gov/NISAR/NISAR_L2_GCOV_PROVISIONAL_V1/NISAR_L2_PR_GCOV_031_004_A_007_4005_DHDH_A_20260918T110511_20260918T110542_P05023_F_F_J_001/NISAR_L2_PR_GCOV_031_004_A_007_4005_DHDH_A_20260918T110511_20260918T110542_P05023_F_F_J_001.h5. Retrying again in 10.0 secs
3700/3807 scanned
Warning 1: HTTP error code: 503 - https://nisar.asf.earthdatacloud.nasa.gov/NISAR/NISAR_L2_GCOV_PROVISIONAL_V1/NISAR_L2_PR_GCOV_031_004_A_008_4005_DHDH_A_20260918T110541_20260918T110616_P05023_F_F_J_001/NISAR_L2_PR_GCOV_031_004_A_008_4005_DHDH_A_20260918T110541_20260918T110616_P05023_F_F_J_001.h5. Retrying again in 10.0 secs
Warning 1: HTTP error code: 503 - https://nisar.asf.earthdatacloud.nasa.gov/NISAR/NISAR_L2_GCOV_PROVISIONAL_V1/NISAR_L2_PR_GCOV_031_002_A_172_2005_DHDH_A_20260918T091907_20260918T091941_P05023_F_F_J_001/NISAR_L2_PR_GCOV_031_002_A_172_2005_DHDH_A_20260918T091907_20260918T091941_P05023_F_F_J_001.h5. Retrying again in 10.0 secs
3750/3807 scanned
3800/3807 scanned
3807/3807 scanned
done: 5162 granules; all-invalid 88, < 50% valid 255
