6039 granules to scan (4191 already done)
Warning 1: HTTP error code: 503 - https://nisar.asf.earthdatacloud.nasa.gov/NISAR/NISAR_L2_GCOV_PROVISIONAL_V1/NISAR_L2_PR_GCOV_030_172_A_161_2005_DHDH_A_20260918T041319_20260918T041353_P05023_F_F_J_001/NISAR_L2_PR_GCOV_030_172_A_161_2005_DHDH_A_20260918T041319_20260918T041353_P05023_F_F_J_001.h5. Retrying again in 10.0 secs
Warning 1: HTTP error code: 503 - https://nisar.asf.earthdatacloud.nasa.gov/NISAR/NISAR_L2_GCOV_PROVISIONAL_V1/NISAR_L2_PR_GCOV_030_173_A_018_4005_DHDH_A_20260918T043145_20260918T043219_P05023_F_F_J_001/NISAR_L2_PR_GCOV_030_173_A_018_4005_DHDH_A_20260918T043145_20260918T043219_P05023_F_F_J_001.h5. Retrying again in 10.0 secs
50/6039 scanned
Warning 1: HTTP error code: 503 - https://nisar.asf.earthdatacloud.nasa.gov/NISAR/NISAR_L2_GCOV_PROVISIONAL_V1/NISAR_L2_PR_GCOV_030_171_A_145_0005_NASV_A_20260918T022415_20260918T022451_P05023_F_F_J_001/NISAR_L2_PR_GCOV_030_171_A_145_0005_NASV_A_20260918T022415_20260918T022451_P05023_F_F_J_001.h5. Retrying again in 10.0 secs
Warning 1: HTTP error code: 503 - https://nisar.asf.earthdatacloud.nasa.gov/NISAR/NISAR_L2_GCOV_PROVISIONAL_V1/NISAR_L2_PR_GCOV_030_171_A_026_2005_DHDH_A_20260918T011630_20260918T011705_P05023_F_F_J_001/NISAR_L2_PR_GCOV_030_171_A_026_2005_DHDH_A_20260918T011630_20260918T011705_P05023_F_F_J_001.h5. Retrying again in 10.0 secs
100/6039 scanned
150/6039 scanned
200/6039 scanned
250/6039 scanned
300/6039 scanned
350/6039 scanned
Warning 1: HTTP error code: 503 - https://nisar.asf.earthdatacloud.nasa.gov/NISAR/NISAR_L2_GCOV_PROVISIONAL_V1/NISAR_L2_PR_GCOV_030_164_A_033_4005_DHDH_A_20260917T134120_20260917T134156_P05023_N_F_J_001/NISAR_L2_PR_GCOV_030_164_A_033_4005_DHDH_A_20260917T134120_20260917T134156_P05023_N_F_J_001.h5. Retrying again in 10.0 secs
Warning 1: HTTP error code: 503 - https://nisar.asf.earthdatacloud.nasa.gov/NISAR/NISAR_L2_GCOV_PROVISIONAL_V1/NISAR_L2_PR_GCOV_030_164_A_032_4005_DHDH_A_20260917T134045_20260917T134121_P05023_N_F_J_001/NISAR_L2_PR_GCOV_030_164_A_032_4005_DHDH_A_20260917T134045_20260917T134121_P05023_N_F_J_001.h5. Retrying again in 10.0 secs
Warning 1: HTTP error code: 503 - https://nisar.asf.earthdatacloud.nasa.gov/NISAR/NISAR_L2_GCOV_PROVISIONAL_V1/NISAR_L2_PR_GCOV_030_163_A_015_4005_DHDH_A_20260917T115113_20260917T115148_P05023_N_F_J_001/NISAR_L2_PR_GCOV_030_163_A_015_4005_DHDH_A_20260917T115113_20260917T115148_P05023_N_F_J_001.h5. Retrying again in 10.0 secs
Warning 1: HTTP error code: 503 - https://nisar.asf.earthdatacloud.nasa.gov/NISAR/NISAR_L2_GCOV_PROVISIONAL_V1/NISAR_L2_PR_GCOV_030_162_A_138_4005_SHSH_A_20260917T112115_20260917T112143_P05023_N_F_J_001/NISAR_L2_PR_GCOV_030_162_A_138_4005_SHSH_A_20260917T112115_20260917T112143_P05023_N_F_J_001.h5. Retrying again in 10.0 secs
400/6039 scanned
Warning 1: HTTP error code: 503 - https://nisar.asf.earthdatacloud.nasa.gov/NISAR/NISAR_L2_GCOV_PROVISIONAL_V1/NISAR_L2_PR_GCOV_030_161_A_175_2005_DHDH_A_20260917T100224_20260917T100259_P05023_N_F_J_001/NISAR_L2_PR_GCOV_030_161_A_175_2005_DHDH_A_20260917T100224_20260917T100259_P05023_N_F_J_001.h5. Retrying again in 10.0 secs
450/6039 scanned
500/6039 scanned
550/6039 scanned
600/6039 scanned
650/6039 scanned
700/6039 scanned
750/6039 scanned
800/6039 scanned
850/6039 scanned
900/6039 scanned
950/6039 scanned
Warning 1: HTTP error code: 503 - https://nisar.asf.earthdatacloud.nasa.gov/NISAR/NISAR_L2_GCOV_PROVISIONAL_V1/NISAR_L2_PR_GCOV_030_147_A_026_4005_DHDH_A_20260916T091916_20260916T091951_P05023_N_F_J_001/NISAR_L2_PR_GCOV_030_147_A_026_4005_DHDH_A_20260916T091916_20260916T091951_P05023_N_F_J_001.h5. Retrying again in 10.0 secs
1000/6039 scanned
1050/6039 scanned
1100/6039 scanned
1150/6039 scanned
1200/6039 scanned
1250/6039 scanned
1300/6039 scanned
1350/6039 scanned
1400/6039 scanned
Warning 1: HTTP error code: 503 - https://nisar.asf.earthdatacloud.nasa.gov/NISAR/NISAR_L2_GCOV_PROVISIONAL_V1/NISAR_L2_PR_GCOV_030_134_A_009_4005_DHDH_A_20260915T113113_20260915T113147_P05023_N_F_J_001/NISAR_L2_PR_GCOV_030_134_A_009_4005_DHDH_A_20260915T113113_20260915T113147_P05023_N_F_J_001.h5. Retrying again in 10.0 secs
1450/6039 scanned
1500/6039 scanned
1550/6039 scanned
Warning 1: HTTP error code: 503 - https://nisar.asf.earthdatacloud.nasa.gov/NISAR/NISAR_L2_GCOV_PROVISIONAL_V1/NISAR_L2_PR_GCOV_030_129_A_027_2005_DHDH_A_20260915T032155_20260915T032230_P05023_N_F_J_001/NISAR_L2_PR_GCOV_030_129_A_027_2005_DHDH_A_20260915T032155_20260915T032230_P05023_N_F_J_001.h5. Retrying again in 10.0 secs
1600/6039 scanned
1650/6039 scanned
1700/6039 scanned
1750/6039 scanned
1800/6039 scanned
1850/6039 scanned
1900/6039 scanned
1950/6039 scanned
2000/6039 scanned
2050/6039 scanned
2100/6039 scanned
2150/6039 scanned
Warning 1: HTTP error code: 503 - https://nisar.asf.earthdatacloud.nasa.gov/NISAR/NISAR_L2_GCOV_PROVISIONAL_V1/NISAR_L2_PR_GCOV_030_112_A_016_4005_DHDH_A_20260913T225740_20260913T225815_P05023_N_F_J_001/NISAR_L2_PR_GCOV_030_112_A_016_4005_DHDH_A_20260913T225740_20260913T225815_P05023_N_F_J_001.h5. Retrying again in 10.0 secs
2200/6039 scanned
2250/6039 scanned
2300/6039 scanned
2350/6039 scanned
2400/6039 scanned
2450/6039 scanned
2500/6039 scanned
2550/6039 scanned
2600/6039 scanned
2650/6039 scanned
2700/6039 scanned
2750/6039 scanned
Warning 1: HTTP error code: 503 - https://nisar.asf.earthdatacloud.nasa.gov/NISAR/NISAR_L2_GCOV_PROVISIONAL_V1/NISAR_L2_PR_GCOV_030_095_A_168_2005_DHDH_A_20260912T200608_20260912T200642_P05023_N_F_J_001/NISAR_L2_PR_GCOV_030_095_A_168_2005_DHDH_A_20260912T200608_20260912T200642_P05023_N_F_J_001.h5. Retrying again in 10.0 secs
2800/6039 scanned
2850/6039 scanned
Warning 1: HTTP error code: 503 - https://nisar.asf.earthdatacloud.nasa.gov/NISAR/NISAR_L2_GCOV_PROVISIONAL_V1/NISAR_L2_PR_GCOV_030_091_A_014_4005_DHDH_A_20260912T115859_20260912T115933_P05023_N_F_J_001/NISAR_L2_PR_GCOV_030_091_A_014_4005_DHDH_A_20260912T115859_20260912T115933_P05023_N_F_J_001.h5. Retrying again in 10.0 secs
2900/6039 scanned
2950/6039 scanned
3000/6039 scanned
3050/6039 scanned
Warning 1: HTTP error code: 503 - https://nisar.asf.earthdatacloud.nasa.gov/NISAR/NISAR_L2_GCOV_PROVISIONAL_V1/NISAR_L2_PR_GCOV_030_085_A_176_2005_DHDH_A_20260912T033145_20260912T033220_P05023_N_F_J_001/NISAR_L2_PR_GCOV_030_085_A_176_2005_DHDH_A_20260912T033145_20260912T033220_P05023_N_F_J_001.h5. Retrying again in 10.0 secs
3100/6039 scanned
Warning 1: HTTP error code: 503 - https://nisar.asf.earthdatacloud.nasa.gov/NISAR/NISAR_L2_GCOV_PROVISIONAL_V1/NISAR_L2_PR_GCOV_030_084_A_140_4005_SHSH_A_20260912T013119_20260912T013156_P05023_N_F_J_001/NISAR_L2_PR_GCOV_030_084_A_140_4005_SHSH_A_20260912T013119_20260912T013156_P05023_N_F_J_001.h5. Retrying again in 10.0 secs
3150/6039 scanned
Warning 1: HTTP error code: 503 - https://nisar.asf.earthdatacloud.nasa.gov/NISAR/NISAR_L2_GCOV_PROVISIONAL_V1/NISAR_L2_PR_GCOV_030_083_A_017_2005_DHDH_A_20260911T224135_20260911T224210_P05023_N_F_J_001/NISAR_L2_PR_GCOV_030_083_A_017_2005_DHDH_A_20260911T224135_20260911T224210_P05023_N_F_J_001.h5. Retrying again in 10.0 secs
3200/6039 scanned
3250/6039 scanned
3300/6039 scanned
3350/6039 scanned
Warning 1: HTTP error code: 503 - https://nisar.asf.earthdatacloud.nasa.gov/NISAR/NISAR_L2_GCOV_PROVISIONAL_V1/NISAR_L2_PR_GCOV_030_076_A_145_0005_NASV_A_20260911T121514_20260911T121550_P05023_N_F_J_001/NISAR_L2_PR_GCOV_030_076_A_145_0005_NASV_A_20260911T121514_20260911T121550_P05023_N_F_J_001.h5. Retrying again in 10.0 secs
3400/6039 scanned
3450/6039 scanned
3500/6039 scanned
3550/6039 scanned
3600/6039 scanned
3650/6039 scanned
Warning 1: HTTP error code: 503 - https://nisar.asf.earthdatacloud.nasa.gov/NISAR/NISAR_L2_GCOV_PROVISIONAL_V1/NISAR_L2_PR_GCOV_030_070_A_028_2005_DHDH_A_20260911T010918_20260911T010954_P05023_N_F_J_001/NISAR_L2_PR_GCOV_030_070_A_028_2005_DHDH_A_20260911T010918_20260911T010954_P05023_N_F_J_001.h5. Retrying again in 10.0 secs
3700/6039 scanned
3750/6039 scanned
3800/6039 scanned
3850/6039 scanned
3900/6039 scanned
  NISAR_L2_PR_GCOV_030_062_A_014_0005_NADV_A_20260910T114220_20260910T114255_P05023_N_F_J_001: ERROR CURL error: Could not resolve host: nisar.asf.earthdatacloud.nasa.gov
3950/6039 scanned
4000/6039 scanned
Warning 1: HTTP error code: 503 - https://nisar.asf.earthdatacloud.nasa.gov/NISAR/NISAR_L2_GCOV_PROVISIONAL_V1/NISAR_L2_PR_GCOV_030_059_A_173_4005_DHDH_A_20260910T081305_20260910T081339_P05023_N_F_J_001/NISAR_L2_PR_GCOV_030_059_A_173_4005_DHDH_A_20260910T081305_20260910T081339_P05023_N_F_J_001.h5. Retrying again in 10.0 secs
4050/6039 scanned
4100/6039 scanned
4150/6039 scanned
4200/6039 scanned
4250/6039 scanned
4300/6039 scanned
Warning 1: HTTP error code: 503 - https://nisar.asf.earthdatacloud.nasa.gov/NISAR/NISAR_L2_GCOV_PROVISIONAL_V1/NISAR_L2_PR_GCOV_030_053_A_001_2005_DHDH_A_20260909T203607_20260909T203640_P05023_N_F_J_001/NISAR_L2_PR_GCOV_030_053_A_001_2005_DHDH_A_20260909T203607_20260909T203640_P05023_N_F_J_001.h5. Retrying again in 10.0 secs
4350/6039 scanned
4400/6039 scanned
Warning 1: HTTP error code: 503 - https://nisar.asf.earthdatacloud.nasa.gov/NISAR/NISAR_L2_GCOV_PROVISIONAL_V1/NISAR_L2_PR_GCOV_030_049_A_141_4005_SHSH_A_20260909T151558_20260909T151632_P05023_N_F_J_001/NISAR_L2_PR_GCOV_030_049_A_141_4005_SHSH_A_20260909T151558_20260909T151632_P05023_N_F_J_001.h5. Retrying again in 10.0 secs
Warning 1: HTTP error code: 503 - https://nisar.asf.earthdatacloud.nasa.gov/NISAR/NISAR_L2_GCOV_PROVISIONAL_V1/NISAR_L2_PR_GCOV_030_048_A_033_4005_DHDH_A_20260909T123444_20260909T123521_P05023_N_F_J_001/NISAR_L2_PR_GCOV_030_048_A_033_4005_DHDH_A_20260909T123444_20260909T123521_P05023_N_F_J_001.h5. Retrying again in 10.0 secs
4450/6039 scanned
4500/6039 scanned
4550/6039 scanned
4600/6039 scanned
4650/6039 scanned
4700/6039 scanned
4750/6039 scanned
4800/6039 scanned
4850/6039 scanned
4900/6039 scanned
4950/6039 scanned
5000/6039 scanned
5050/6039 scanned
Warning 1: HTTP error code: 503 - https://nisar.asf.earthdatacloud.nasa.gov/NISAR/NISAR_L2_GCOV_PROVISIONAL_V1/NISAR_L2_PR_GCOV_030_031_A_039_4005_DHDH_A_20260908T082016_20260908T082056_P05023_N_F_J_001/NISAR_L2_PR_GCOV_030_031_A_039_4005_DHDH_A_20260908T082016_20260908T082056_P05023_N_F_J_001.h5. Retrying again in 10.0 secs
5100/6039 scanned
Warning 1: HTTP error code: 503 - https://nisar.asf.earthdatacloud.nasa.gov/NISAR/NISAR_L2_GCOV_PROVISIONAL_V1/NISAR_L2_PR_GCOV_030_028_A_163_2005_DHDH_A_20260908T043104_20260908T043139_P05023_N_F_J_001/NISAR_L2_PR_GCOV_030_028_A_163_2005_DHDH_A_20260908T043104_20260908T043139_P05023_N_F_J_001.h5. Retrying again in 10.0 secs
Warning 1: HTTP error code: 503 - https://nisar.asf.earthdatacloud.nasa.gov/NISAR/NISAR_L2_GCOV_PROVISIONAL_V1/NISAR_L2_PR_GCOV_030_028_A_025_2005_DHDH_A_20260908T031227_20260908T031302_P05023_N_F_J_001/NISAR_L2_PR_GCOV_030_028_A_025_2005_DHDH_A_20260908T031227_20260908T031302_P05023_N_F_J_001.h5. Retrying again in 10.0 secs
5150/6039 scanned
Warning 1: HTTP error code: 503 - https://nisar.asf.earthdatacloud.nasa.gov/NISAR/NISAR_L2_GCOV_PROVISIONAL_V1/NISAR_L2_PR_GCOV_030_026_A_142_4005_SHSH_A_20260908T005913_20260908T005949_P05023_N_F_J_001/NISAR_L2_PR_GCOV_030_026_A_142_4005_SHSH_A_20260908T005913_20260908T005949_P05023_N_F_J_001.h5. Retrying again in 10.0 secs
5200/6039 scanned
5250/6039 scanned
5300/6039 scanned
5350/6039 scanned
Warning 1: HTTP error code: 503 - https://nisar.asf.earthdatacloud.nasa.gov/NISAR/NISAR_L2_GCOV_PROVISIONAL_V1/NISAR_L2_PR_GCOV_030_020_A_034_4005_DHDH_A_20260907T135834_20260907T135911_P05023_N_F_J_002/NISAR_L2_PR_GCOV_030_020_A_034_4005_DHDH_A_20260907T135834_20260907T135911_P05023_N_F_J_002.h5. Retrying again in 10.0 secs
5400/6039 scanned
5450/6039 scanned
5500/6039 scanned
5550/6039 scanned
5600/6039 scanned
5650/6039 scanned
5700/6039 scanned
5750/6039 scanned
5800/6039 scanned
5850/6039 scanned
5900/6039 scanned
  NISAR_L2_PR_GCOV_030_003_A_173_4005_DHDH_A_20260906T105931_20260906T110008_P05023_N_F_J_002: ERROR CURL error: Could not resolve host: nisar.asf.earthdatacloud.nasa.gov
5950/6039 scanned
6000/6039 scanned
6039/6039 scanned
done: 10228 granules; all-invalid 204, < 50% valid 680
